[preview.colorlib.com/theme/course/index.html]
[backblue.gif]
[fade.gif]
[index.html]
[preview.colorlib.com/theme/course/styles/bootstrap4/bootstrap.min.css]
[preview.colorlib.com/theme/course/plugins/fontawesome-free-5.0.1/css/fontawesome-all.css]
[preview.colorlib.com/theme/course/plugins/OwlCarousel2-2.2.1/owl.carousel.css]
[preview.colorlib.com/theme/course/plugins/OwlCarousel2-2.2.1/owl.theme.default.css]
[preview.colorlib.com/theme/course/plugins/OwlCarousel2-2.2.1/animate.css]
[preview.colorlib.com/theme/course/styles/main_styles.css]
[preview.colorlib.com/theme/course/styles/responsive.css]
[preview.colorlib.com/theme/course/images/logo.png]
[preview.colorlib.com/theme/course/courses.html]
[preview.colorlib.com/theme/course/elements.html]
[preview.colorlib.com/theme/course/news.html]
[preview.colorlib.com/theme/course/contact.html]
[preview.colorlib.com/theme/course/images/phone-call.svg]
[preview.colorlib.com/theme/course/images/slider_background.jpg]
[preview.colorlib.com/theme/course/images/earth-globe.svg]
[preview.colorlib.com/theme/course/images/books.svg]
[preview.colorlib.com/theme/course/images/professor.svg]
[preview.colorlib.com/theme/course/teachers.html]
[preview.colorlib.com/theme/course/images/course_1.jpg]
[preview.colorlib.com/theme/course/images/author.jpg]
[preview.colorlib.com/theme/course/images/course_2.jpg]
[preview.colorlib.com/theme/course/images/course_3.jpg]
[preview.colorlib.com/theme/course/images/search_background.jpg]
[preview.colorlib.com/theme/course/images/exam.svg]
[preview.colorlib.com/theme/course/images/blackboard.svg]
[preview.colorlib.com/theme/course/images/mortarboard.svg]
[preview.colorlib.com/theme/course/images/testimonials_background.jpg]
[preview.colorlib.com/theme/course/images/testimonials_user.jpg]
[preview.colorlib.com/theme/course/images/event_1.jpg]
[preview.colorlib.com/theme/course/images/event_2.jpg]
[preview.colorlib.com/theme/course/images/event_3.jpg]
[preview.colorlib.com/theme/course/images/placeholder.svg]
[preview.colorlib.com/theme/course/images/smartphone.svg]
[preview.colorlib.com/theme/course/images/envelope.svg]
[preview.colorlib.com/theme/course/js/jquery-3.2.1.min.js]
[preview.colorlib.com/theme/course/styles/bootstrap4/popper.js]
[preview.colorlib.com/theme/course/styles/bootstrap4/bootstrap.min.js]
[preview.colorlib.com/theme/course/plugins/greensock/TweenMax.min.js]
[preview.colorlib.com/theme/course/plugins/greensock/TimelineMax.min.js]
[preview.colorlib.com/theme/course/plugins/scrollmagic/ScrollMagic.min.js]
[preview.colorlib.com/theme/course/plugins/greensock/animation.gsap.min.js]
[preview.colorlib.com/theme/course/plugins/greensock/ScrollToPlugin.min.js]
[preview.colorlib.com/theme/course/plugins/OwlCarousel2-2.2.1/owl.carousel.js]
[preview.colorlib.com/theme/course/plugins/scrollTo/jquery.scrollTo.min.js]
[preview.colorlib.com/theme/course/plugins/easing/easing.js]
[preview.colorlib.com/theme/course/js/custom.js]
[preview.colorlib.com/theme/course/index.html]
[preview.colorlib.com/theme/course/styles/bootstrap4/bootstrap.min.css]
[preview.colorlib.com/theme/course/plugins/fontawesome-free-5.0.1/webfonts/fa-brands-400.eot]
[preview.colorlib.com/theme/course/plugins/fontawesome-free-5.0.1/webfonts/fa-brands-400d41d.eot]
[preview.colorlib.com/theme/course/plugins/fontawesome-free-5.0.1/webfonts/fa-brands-400.woff2]
[preview.colorlib.com/theme/course/plugins/fontawesome-free-5.0.1/webfonts/fa-brands-400.woff]
[preview.colorlib.com/theme/course/plugins/fontawesome-free-5.0.1/webfonts/fa-brands-400.ttf]
[preview.colorlib.com/theme/course/plugins/fontawesome-free-5.0.1/webfonts/fa-brands-400.svg]
[preview.colorlib.com/theme/course/plugins/fontawesome-free-5.0.1/webfonts/fa-regular-400.eot]
[preview.colorlib.com/theme/course/plugins/fontawesome-free-5.0.1/webfonts/fa-regular-400d41d.eot]
[preview.colorlib.com/theme/course/plugins/fontawesome-free-5.0.1/webfonts/fa-regular-400.woff2]
[preview.colorlib.com/theme/course/plugins/fontawesome-free-5.0.1/webfonts/fa-regular-400.woff]
[preview.colorlib.com/theme/course/plugins/fontawesome-free-5.0.1/webfonts/fa-regular-400.ttf]
[preview.colorlib.com/theme/course/plugins/fontawesome-free-5.0.1/webfonts/fa-regular-400.svg]
[preview.colorlib.com/theme/course/plugins/fontawesome-free-5.0.1/webfonts/fa-solid-900.eot]
[preview.colorlib.com/theme/course/plugins/fontawesome-free-5.0.1/webfonts/fa-solid-900d41d.eot]
[preview.colorlib.com/theme/course/plugins/fontawesome-free-5.0.1/webfonts/fa-solid-900.woff2]
[preview.colorlib.com/theme/course/plugins/fontawesome-free-5.0.1/webfonts/fa-solid-900.woff]
[preview.colorlib.com/theme/course/plugins/fontawesome-free-5.0.1/webfonts/fa-solid-900.ttf]
[preview.colorlib.com/theme/course/plugins/fontawesome-free-5.0.1/css/fontawesome-all.css]
[preview.colorlib.com/theme/course/plugins/fontawesome-free-5.0.1/webfonts/fa-solid-900.svg]
[preview.colorlib.com/theme/course/plugins/OwlCarousel2-2.2.1/owl.carousel.css]
[preview.colorlib.com/theme/course/plugins/OwlCarousel2-2.2.1/owl.theme.default.css]
[preview.colorlib.com/theme/course/plugins/OwlCarousel2-2.2.1/animate.css]
[preview.colorlib.com/theme/course/styles/main_styles.css]
[preview.colorlib.com/theme/course/styles/responsive.css]
[preview.colorlib.com/theme/course/plugins/OwlCarousel2-2.2.1/owl.video.play.png]
[preview.colorlib.com/theme/course/styles/courses_styles.css]
[preview.colorlib.com/theme/course/styles/courses_responsive.css]
[preview.colorlib.com/theme/course/images/courses_background.jpg]
[preview.colorlib.com/theme/course/images/course_4.jpg]
[preview.colorlib.com/theme/course/images/course_5.jpg]
[preview.colorlib.com/theme/course/images/course_6.jpg]
[preview.colorlib.com/theme/course/images/course_7.jpg]
[preview.colorlib.com/theme/course/images/course_8.jpg]
[preview.colorlib.com/theme/course/images/course_9.jpg]
[preview.colorlib.com/theme/course/js/courses_custom.js]
[preview.colorlib.com/theme/course/courses.html]
[preview.colorlib.com/theme/course/styles/elements_styles.css]
[preview.colorlib.com/theme/course/styles/elements_responsive.css]
[preview.colorlib.com/theme/course/images/contact_background.jpg]
[preview.colorlib.com/theme/course/images/milestones_background.jpg]
[preview.colorlib.com/theme/course/images/milestone_1.svg]
[preview.colorlib.com/theme/course/images/milestone_2.svg]
[preview.colorlib.com/theme/course/images/milestone_3.svg]
[preview.colorlib.com/theme/course/images/milestone_4.svg]
[preview.colorlib.com/theme/course/plugins/progressbar/progressbar.min.js]
[preview.colorlib.com/theme/course/js/elements_custom.js]
[preview.colorlib.com/theme/course/elements.html]
[preview.colorlib.com/theme/course/styles/news_styles.css]
[preview.colorlib.com/theme/course/styles/news_responsive.css]
[preview.colorlib.com/theme/course/images/news_background.jpg]
[preview.colorlib.com/theme/course/images/news_1.jpg]
[preview.colorlib.com/theme/course/news_post.html]
[preview.colorlib.com/theme/course/images/news_2.jpg]
[preview.colorlib.com/theme/course/images/news_3.jpg]
[preview.colorlib.com/theme/course/images/latest_1.jpg]
[preview.colorlib.com/theme/course/images/latest_2.jpg]
[preview.colorlib.com/theme/course/images/latest_3.jpg]
[preview.colorlib.com/theme/course/js/news_custom.js]
[preview.colorlib.com/theme/course/news.html]
[preview.colorlib.com/theme/course/styles/contact_styles.css]
[preview.colorlib.com/theme/course/styles/contact_responsive.css]
[preview.colorlib.com/theme/course/js/contact_custom.js]
[preview.colorlib.com/theme/course/contact.html]
[preview.colorlib.com/theme/course/images/phone-call.svg]
[preview.colorlib.com/theme/course/images/earth-globe.svg]
[preview.colorlib.com/theme/course/images/books.svg]
[preview.colorlib.com/theme/course/images/professor.svg]
[preview.colorlib.com/theme/course/styles/teachers_styles.css]
[preview.colorlib.com/theme/course/styles/teachers_responsive.css]
[preview.colorlib.com/theme/course/about.html]
[preview.colorlib.com/theme/course/images/teachers_background.jpg]
[preview.colorlib.com/theme/course/images/teacher_1.jpg]
[preview.colorlib.com/theme/course/images/teacher_2.jpg]
[preview.colorlib.com/theme/course/images/teacher_3.jpg]
[preview.colorlib.com/theme/course/images/teacher_4.jpg]
[preview.colorlib.com/theme/course/images/teacher_5.jpg]
[preview.colorlib.com/theme/course/images/teacher_6.jpg]
[preview.colorlib.com/theme/course/images/become.jpg]
[preview.colorlib.com/theme/course/js/teachers_custom.js]
[preview.colorlib.com/theme/course/teachers.html]
[preview.colorlib.com/theme/course/images/exam.svg]
[preview.colorlib.com/theme/course/images/blackboard.svg]
[preview.colorlib.com/theme/course/images/mortarboard.svg]
[preview.colorlib.com/theme/course/images/placeholder.svg]
[preview.colorlib.com/theme/course/images/smartphone.svg]
[preview.colorlib.com/theme/course/images/envelope.svg]
[preview.colorlib.com/theme/course/plugins/fontawesome-free-5.0.1/webfonts/fa-brands-400.svg]
[preview.colorlib.com/theme/course/plugins/fontawesome-free-5.0.1/webfonts/fa-regular-400.svg]
[preview.colorlib.com/theme/course/plugins/fontawesome-free-5.0.1/webfonts/fa-solid-900.svg]
[preview.colorlib.com/theme/course/styles/courses_styles.css]
[preview.colorlib.com/theme/course/styles/courses_responsive.css]
[preview.colorlib.com/theme/course/styles/elements_styles.css]
[preview.colorlib.com/theme/course/styles/elements_responsive.css]
[preview.colorlib.com/theme/course/images/milestone_1.svg]
[preview.colorlib.com/theme/course/images/milestone_2.svg]
[preview.colorlib.com/theme/course/images/milestone_3.svg]
[preview.colorlib.com/theme/course/images/milestone_4.svg]
[preview.colorlib.com/theme/course/styles/news_styles.css]
[preview.colorlib.com/theme/course/styles/news_responsive.css]
[preview.colorlib.com/theme/course/styles/news_post_styles.css]
[preview.colorlib.com/theme/course/styles/news_post_responsive.css]
[preview.colorlib.com/theme/course/images/comment_1.jpg]
[preview.colorlib.com/theme/course/images/comment_2.jpg]
[preview.colorlib.com/theme/course/js/news_post_custom.js]
[preview.colorlib.com/theme/course/news_post.html]
[preview.colorlib.com/theme/course/styles/contact_styles.css]
[preview.colorlib.com/theme/course/styles/contact_responsive.css]
[preview.colorlib.com/theme/course/styles/teachers_styles.css]
[preview.colorlib.com/theme/course/styles/teachers_responsive.css]
[preview.colorlib.com/theme/course/about.html]
[preview.colorlib.com/theme/course/styles/news_post_styles.css]
[preview.colorlib.com/theme/course/styles/news_post_responsive.css]
